// Jest Snapshot v1, https://goo.gl/fbAQLP

exports[`EntrySideBar should render correctly 1`] = `
<aside
  className="sidebar"
>
  <div
    className="sidebar__close"
  >
    Ã—
  </div>
  <h1
    className="sidebar__title"
  >
    HELLO, Friend
  </h1>
  <p
    className="sidebar__text"
  >
    Not yet a member, click on the button below to Join in the benefits.
  </p>
  <Link
    className="sidebar__btn"
    to="/sign-up"
  >
    sign-up
  </Link>
</aside>
`;
