// Jest Snapshot v1, https://goo.gl/fbAQLP

exports[`SideNavPanel should render correctly 1`] = `
<aside
  className="sidebar sidebar--light"
>
  <span
    className="sidebar__close"
  >
    Ã—
  </span>
  <div
    className="avatar"
  >
    <img
      alt="user"
      className="avatar__img"
      src="https://res.cloudinary.com/swisskid95/image/upload/v1566613597/Banka-assets/defaultAvatar_roxuye.png"
    />
  </div>
  <h3
    className="user-name"
  >
    some user
  </h3>
  <ul
    className="nav-container"
  >
    <li>
      <NavLink
        activeStyle={
          Object {
            "backgroundColor": "#fff",
            "color": "#33a19d",
          }
        }
        className="nav"
        to="/summary"
      >
        summary
      </NavLink>
    </li>
    <li>
      <NavLink
        activeStyle={
          Object {
            "backgroundColor": "#fff",
            "color": "#33a19d",
          }
        }
        className="nav"
        to="/create-account"
      >
        new account
      </NavLink>
    </li>
    <li>
      <Link
        className="nav  logout"
        to="/login"
      >
        sign-out
      </Link>
    </li>
  </ul>
</aside>
`;
