// Jest Snapshot v1, https://goo.gl/fbAQLP

exports[`Create account in Components Tests renders create account page In template 1`] = `
<main
  className="container"
>
  <aside
    className="sidebar sidebar--light"
  >
    <span
      className="sidebar__close"
      onClick={[Function]}
    >
      Ã—
    </span>
    <div
      className="avatar"
    >
      <img
        alt="user"
        className="avatar__img"
        src="https://res.cloudinary.com/swisskid95/image/upload/v1566613597/Banka-assets/defaultAvatar_roxuye.png"
      />
    </div>
    <h3
      className="user-name"
    >
      undefined undefined
    </h3>
    <ul
      className="nav-container"
    >
      <li>
        <a
          aria-current={null}
          className="nav"
          href="/summary"
          onClick={[Function]}
        >
          summary
        </a>
      </li>
      <li>
        <a
          aria-current={null}
          className="nav"
          href="/create-account"
          onClick={[Function]}
        >
          new account
        </a>
      </li>
      <li>
        <a
          className="nav  logout"
          href="/login"
          onClick={[Function]}
        >
          sign-out
        </a>
      </li>
    </ul>
  </aside>
  <div
    className="main-wrapper"
  >
    <div
      className="top-section"
    >
      <img
        alt="Sidebar open button"
        className="sidebar__open"
        onClick={[Function]}
        src="https://res.cloudinary.com/swisskid95/image/upload/v1566575800/Banka-assets/menu_ldfqrk.svg"
      />
      <a
        className="logo"
        href="/summary"
        onClick={[Function]}
      >
        <h1
          className="logo"
        >
          Banka
        </h1>
      </a>
    </div>
    <div
      className="content-title"
    >
      <h1
        className="content-title__text"
      >
        create account
      </h1>
    </div>
    <form
      className="entry--closer entry"
      onSubmit={[Function]}
    >
      <select
        className="entry__input--account-type entry__input entry__input--bigger"
        name="type"
        onBlur={[Function]}
      >
        <option
          value="current"
        >
          current
        </option>
        <option
          value="savings"
        >
          savings
        </option>
      </select>
      <input
        className="entry__input entry__input--bigger"
        name="accountPurpose"
        onChange={[Function]}
        placeholder="account purpose"
        type="text"
      />
      <button
        className="btn entry__btn entry__input--bigger "
      >
        create account
      </button>
    </form>
  </div>
</main>
`;
