// Jest Snapshot v1, https://goo.gl/fbAQLP

exports[`Login in Components Tests renders Login page In template 1`] = `
<main
  className="container__entry"
>
  <aside
    className="sidebar"
  >
    <div
      className="sidebar__close"
    >
      Ã—
    </div>
    <h1
      className="sidebar__title"
    >
      HELLO, Friend
    </h1>
    <p
      className="sidebar__text"
    >
      Not yet a member, click on the button below to Join in the benefits.
    </p>
    <a
      className="sidebar__btn"
      href="/sign-up"
      onClick={[Function]}
    >
      sign-up
    </a>
  </aside>
  <div
    className="top-section"
  >
    <img
      alt="Sidebar open button"
      className="sidebar__open"
      src="../../src/assets/images/menu.svg"
    />
    <a
      className="logo"
      href="/"
      onClick={[Function]}
    >
      <h1
        className="logo"
      >
        Banka
      </h1>
    </a>
  </div>
  <div
    className="content-title"
  >
    <h1
      className="content-title__text"
    >
      login
    </h1>
  </div>
  <form
    className="entry"
    onSubmit={[Function]}
  >
    <div
      className="field"
    >
      <input
        className="entry__input"
        name="email"
        onChange={[Function]}
        placeholder="Email"
        required={true}
        type="email"
      />
      <span
        className="helper-text"
      />
    </div>
    <div
      className="field"
    >
      <input
        className="entry__input"
        name="password"
        onChange={[Function]}
        placeholder="Password"
        required={true}
        type="password"
      />
      <span
        className="helper-text"
      />
    </div>
    <button
      className="entry__btn btn "
    >
      Login
    </button>
  </form>
  <div
    className="switch"
  >
    <p>
      Not yet a member?
      <a
        className="switch__link"
        href="/sign-up"
        onClick={[Function]}
      >
        sign-up
      </a>
    </p>
  </div>
</main>
`;
